// Vitest Snapshot v1, https://vitest.dev/guide/snapshot.html

exports[`css titles > attribute titles 1`] = `
[
  "align attribute",
  "aria-describedby attribute",
  "aria-hidden attribute",
  "aria-label attribute",
  "aria-labelledby attribute",
  "aria-live attribute",
  "background attribute",
  "cellpadding attribute",
  "cellspacing attribute",
  "dir attribute",
  "height attribute",
  "hidden attribute",
  "lang attribute",
  "loading attribute",
  "popover attribute",
  "required attribute",
  "role attribute",
  "srcset and sizes attributes",
  "target attribute",
  "valign attribute",
  "width attribute",
]
`;

exports[`css titles > element titles 1`] = `
[
  "<abbr> element",
  "<acronym> element",
  "<audio> element",
  "<base>",
  "<bdi> element",
  "<blockquote> element",
  "<body> element",
  "<code> element",
  "<del> element",
  "<dfn> element",
  "<dialog> element",
  "<div> element",
  "<form> element",
  "<h1> to <h6> elements",
  "<hr> element",
  "<img> element",
  "<link> element",
  "<marquee> element",
  "<meter> element",
  "<object> element",
  "<p> element",
  "<picture> element",
  "<pre> element",
  "<progress> element",
  "<rp> element",
  "<rt> element",
  "<ruby> element",
  "<select> element",
  "<small> element",
  "<span> element",
  "<strike> element",
  "<strong> element",
  "<style> element",
  "<table> element",
  "<textarea> element",
  "<ul>, <ol> and <dl>",
  "<video> element",
  "<wbr> element",
  "Embedded <svg> image",
  "HTML5 doctype",
  "HTML5 semantics",
  "Image maps",
  "address",
]
`;

exports[`css titles > element-attribute pair titles 1`] = `
[
  "<button type="reset"> element",
  "<button type="submit"> element",
  "<input type="checkbox"> element",
  "<input type="hidden"> element",
  "<input type="radio"> element",
  "<input type="reset"> element",
  "<input type="submit"> element",
  "<input type="text"> element",
  "Local anchors",
  "mailto: links",
]
`;
